// Jest Snapshot v1, https://goo.gl/fbAQLP

exports[`The page of step-summary renders renders correctly 1`] = `
<Fragment>
  <div
    className="StepperForm-root container-sm"
    id="summary-form"
  >
    <h1>
      Summary
    </h1>
    <div
      className="row g-3"
    >
      <div
        className="col-md-6 mb-3"
      >
        <label
          className="form-label"
          htmlFor="firstName"
        >
          First Name
        </label>
        <input
          className="form-control"
          id="firstName"
          readOnly={true}
        />
      </div>
      <div
        className="col-md-6 mb-3"
      >
        <label
          className="form-label"
          htmlFor="lastName"
        >
          Last Name
        </label>
        <input
          className="form-control"
          id="lastName"
          readOnly={true}
        />
      </div>
      <div
        className="col-md-6 mb-3"
      >
        <label
          className="form-label"
          htmlFor="email"
        >
          Email
        </label>
        <input
          className="form-control"
          id="email"
          readOnly={true}
        />
      </div>
      <div
        className="col-md-6 mb-3"
      >
        <label
          className="form-label"
          htmlFor="phone"
        >
          Phone
        </label>
        <input
          className="form-control"
          id="phone"
          readOnly={true}
        />
      </div>
      <div
        className="col-md-4 mb-3"
      >
        <label
          className="form-label"
          htmlFor="streetNumber"
        >
          Street Number
        </label>
        <input
          className="form-control"
          id="streetNumber"
          readOnly={true}
        />
      </div>
      <div
        className="col-md-6 mb-3"
      >
        <label
          className="form-label"
          htmlFor="streetName"
        >
          Street Name
        </label>
        <input
          className="form-control"
          id="streetName"
          readOnly={true}
        />
      </div>
      <div
        className="col-md-2 mb-3"
      >
        <label
          className="form-label"
          htmlFor="streetType"
        >
          Street Type
        </label>
        <input
          className="form-control"
          id="streetType"
          readOnly={true}
        />
      </div>
      <div
        className="col-md-6 mb-3"
      >
        <label
          className="form-label"
          htmlFor="suburb"
        >
          Suburb
        </label>
        <input
          className="form-control"
          id="suburb"
          readOnly={true}
        />
      </div>
      <div
        className="col-md-6 mb-3"
      >
        <label
          className="form-label"
          htmlFor="postcode"
        >
          Postcode
        </label>
        <input
          className="form-control"
          id="postcode"
          readOnly={true}
        />
      </div>
    </div>
    <div
      className="StepperActions-root"
    >
      <button
        className="btn btn-secondary m-3"
        onClick={[Function]}
      >
        Back
      </button>
      <button
        className="btn btn-primary"
        onClick={[Function]}
        type="submit"
      >
        Save
      </button>
    </div>
  </div>
</Fragment>
`;
